Info: Starting: Create block symbol file (.bsf)
Info: qsys-generate /mnt/sdd/src/universal/joker-tv-fpga/joker_tv/joker_remote_update.qsys --block-symbol-file --output-directory=/mnt/sdd/src/universal/joker-tv-fpga/joker_tv/joker_remote_update --family="Cyclone IV E" --part=EP4CE22F17C8
Progress: Loading joker_tv/joker_remote_update.qsys
Progress: Reading input file
Progress: Adding remote_update_0 [altera_remote_update 16.1]
Progress: Parameterizing module remote_update_0
Progress: Building connections
Progress: Parameterizing connections
Progress: Validating
Progress: Done reading input file
Info: qsys-generate succeeded.
Info: Finished: Create block symbol file (.bsf)
Info: 
Info: Starting: Create HDL design files for synthesis
Info: qsys-generate /mnt/sdd/src/universal/joker-tv-fpga/joker_tv/joker_remote_update.qsys --synthesis=VERILOG --output-directory=/mnt/sdd/src/universal/joker-tv-fpga/joker_tv/joker_remote_update/synthesis --family="Cyclone IV E" --part=EP4CE22F17C8
Progress: Loading joker_tv/joker_remote_update.qsys
Progress: Reading input file
Progress: Adding remote_update_0 [altera_remote_update 16.1]
Progress: Parameterizing module remote_update_0
Progress: Building connections
Progress: Parameterizing connections
Progress: Validating
Progress: Done reading input file
Info: joker_remote_update: Generating joker_remote_update "joker_remote_update" for QUARTUS_SYNTH
Info: remote_update_0: "joker_remote_update" instantiated altera_remote_update "remote_update_0"
Info: remote_update_core: Generating top-level entity altera_remote_update_core.
Info: remote_update_core: "remote_update_0" instantiated altera_remote_update_core "remote_update_core"
Info: joker_remote_update: Done "joker_remote_update" with 3 modules, 3 files
Info: qsys-generate succeeded.
Info: Finished: Create HDL design files for synthesis
