Info: Starting: Create block symbol file (.bsf)
Info: qsys-generate /mnt/sdd/src/universal/joker-tv-fpga/joker_tv/probe.qsys --block-symbol-file --output-directory=/mnt/sdd/src/universal/joker-tv-fpga/joker_tv/probe --family="Cyclone IV E" --part=EP4CE22F17C8
Progress: Loading joker_tv/probe.qsys
Progress: Reading input file
Progress: Adding in_system_sources_probes_0 [altera_in_system_sources_probes 16.1]
Progress: Parameterizing module in_system_sources_probes_0
Progress: Building connections
Progress: Parameterizing connections
Progress: Validating
Progress: Done reading input file
Info: qsys-generate succeeded.
Info: Finished: Create block symbol file (.bsf)
Info: 
Info: Starting: Create HDL design files for synthesis
Info: qsys-generate /mnt/sdd/src/universal/joker-tv-fpga/joker_tv/probe.qsys --synthesis=VERILOG --output-directory=/mnt/sdd/src/universal/joker-tv-fpga/joker_tv/probe/synthesis --family="Cyclone IV E" --part=EP4CE22F17C8
Progress: Loading joker_tv/probe.qsys
Progress: Reading input file
Progress: Adding in_system_sources_probes_0 [altera_in_system_sources_probes 16.1]
Progress: Parameterizing module in_system_sources_probes_0
Progress: Building connections
Progress: Parameterizing connections
Progress: Validating
Progress: Done reading input file
Info: probe: Generating probe "probe" for QUARTUS_SYNTH
Info: in_system_sources_probes_0: "probe" instantiated altera_in_system_sources_probes "in_system_sources_probes_0"
Info: probe: Done "probe" with 2 modules, 2 files
Info: qsys-generate succeeded.
Info: Finished: Create HDL design files for synthesis
